Testing Employee Loading...
Loaded 35 employees.
Checking ID: '10001'
  [OK] Found: Manuel III
Checking ID: '10002'
  [OK] Found: Antonio
Checking ID: '10003'
  [OK] Found: Bianca Sofia
Checking ID: '10004'
  [OK] Found: Isabella
Checking ID: '10005'
  [OK] Found: Eduard
Checking ID: '10006'
  [OK] Found: Andrea Mae
Checking ID: '10007'
  [OK] Found: Brad
Checking ID: '10008'
  [OK] Found: Alice
Checking ID: '10009'
  [OK] Found: Rosie
Checking ID: '10010'
  [OK] Found: Roderick
Checking ID: '10011'
  [OK] Found: Anthony
Checking ID: '10012'
  [OK] Found: Josie
Checking ID: '10013'
  [OK] Found: Martha
Checking ID: '10014'
  [OK] Found: Leila
Checking ID: '10015'
  [OK] Found: Fredrick
Checking ID: '10016'
  [OK] Found: Christian
Checking ID: '10017'
  [OK] Found: Selena
Checking ID: '10018'
  [OK] Found: Allison
Checking ID: '10019'
  [OK] Found: Cydney
Checking ID: '10020'
  [OK] Found: Mark
Checking ID: '10021'
  [OK] Found: Darlene
Checking ID: '10022'
  [OK] Found: Kolby
Checking ID: '10023'
  [OK] Found: Vella
Checking ID: '10024'
  [OK] Found: Tomas
Checking ID: '10025'
  [OK] Found: Jacklyn
Checking ID: '10026'
  [OK] Found: Percival
Checking ID: '10027'
  [OK] Found: Garfield
Checking ID: '10028'
  [OK] Found: Lizeth
Checking ID: '10029'
  [OK] Found: Carol
Checking ID: '10030'
  [OK] Found: Emelia
Checking ID: '10031'
  [OK] Found: Delia
Checking ID: '10032'
  [OK] Found: John Rafael
Checking ID: '10033'
  [OK] Found: Carlos Ian
Checking ID: '10034'
  [OK] Found: Beatriz
Checking ID: '10036'
  [OK] Found: Resiel Ann
